00080000-2fffffff : System RAM
  00280000-00ebffff : Kernel code
  00ec0000-00fbffff : reserved
  00fc0000-011f8fff : Kernel data
  011f9000-0256afff : reserved
  03100000-04503fff : reserved
  2ac00000-2adfffff : reserved
  2ae03000-2bdfffff : reserved
  2be49000-2be49fff : reserved
  2be4c000-2be4cfff : reserved
  2be4d000-2be4ffff : reserved
  2be50000-2fffffff : reserved
f8000000-f9ffffff : Jailhouse hypervisor
fd500000-fd50930f : fd500000.pcie
fd580000-fd58ffff : fd580000.genet
  fd580e14-fd580e1c : unimac-mdio.-19
fd5d2200-fd5d222b : fd5d2200.thermal
fe007000-fe007aff : fe007000.dma
fe007b00-fe007eff : fe007b00.dma
fe00a000-fe00a023 : fe100000.watchdog
fe00b200-fe00b3ff : dwc_otg
fe00b880-fe00b8bf : fe00b880.mailbox
fe100000-fe100113 : fe100000.watchdog
fe101000-fe102fff : fe101000.cprman
fe104000-fe10400f : fe104000.rng
fe200000-fe2000b3 : fe200000.gpio
fe201000-fe2011ff : serial@7e201000
  fe201000-fe2011ff : fe201000.serial
fe204000-fe2041ff : fe204000.spi
fe215000-fe215007 : fe215000.aux
fe215040-fe21507f : fe215040.serial
fe300000-fe3000ff : fe300000.mmcnr
fe340000-fe3400ff : fe340000.emmc2
fe804000-fe804fff : fe804000.i2c
fe980000-fe98ffff : dwc_otg
fec11000-fec1101f : fe100000.watchdog
600000000-603ffffff : pcie@7d500000
  600000000-6000fffff : PCI Bus 0000:01
    600000000-600000fff : 0000:01:00.0
      600000000-600000fff : xhci-hcd
