02200000-0220ffff : security
02210000-0221ffff : gpio
02300000-02300fff : /cbb-noc@2300000
02430000-02446fff : /pinmux@2430000
02450000-02453fff : /ufshci@2450000
02600000-0280ffff : /dma@2600000
02900800-02900fff : /aconnect@2a41000/ahub
02901000-029010ff : tegra210-i2s.0
02901100-029011ff : tegra210-i2s.1
02901200-029012ff : tegra210-i2s.2
02901300-029013ff : tegra210-i2s.3
02901400-029014ff : tegra210-i2s.4
02901500-029015ff : tegra210-i2s.5
02902000-029021ff : tegra210-sfc.0
02902200-029023ff : tegra210-sfc.1
02902400-029025ff : tegra210-sfc.2
02902600-029027ff : tegra210-sfc.3
02903000-029030ff : tegra210-amx
02903100-029031ff : tegra210-amx
02903200-029032ff : tegra210-amx
02903300-029033ff : tegra210-amx
02903800-029038ff : tegra210-adx
02903900-029039ff : tegra210-adx
02903a00-02903aff : tegra210-adx
02903b00-02903bff : tegra210-adx
02904000-029040ff : tegra210-dmic.0
02904100-029041ff : tegra210-dmic.1
02904200-029042ff : tegra210-dmic.2
02904300-029043ff : tegra210-dmic.3
02905000-029050ff : tegra186-dspk.0
02905100-029051ff : tegra186-dspk.1
02907000-029070ff : tegra186-afc.0
02907100-029071ff : tegra186-afc.1
02907200-029072ff : tegra186-afc.2
02907300-029073ff : tegra186-afc.3
02907400-029074ff : tegra186-afc.4
02907500-029075ff : tegra186-afc.5
02908000-029080ff : tegra210-ope.0
02908100-029081ff : tegra210-ope.0
02908200-029083ff : tegra210-ope.0
0290a000-0290a1ff : tegra210-mvc.0
0290a200-0290a3ff : tegra210-mvc.1
0290bb00-0290c2ff : tegra210_mixer
0290e400-0290e7ff : tegra186-arad
0290f000-0290ffff : /aconnect@2a41000/ahub/admaif@290f000
02910000-02911fff : tegra186-asrc
02930000-0297ffff : /aconnect@2a41000/adma@2930000
02c00000-02c0ffff : /mc_sid@2c00000
02c10000-02c1ffff : /mc_sid@2c00000
03010000-0301ffff : /watchdog@30c0000
03090000-0309fffe : /watchdog@30c0000
030c0000-030cfffe : /watchdog@30c0000
03100000-0310ffff : /serial@3100000
03110000-0311ffff : /serial@3110000
03140000-0314ffff : /serial@3140000
03160000-031600ff : /i2c@3160000
03180000-031800ff : /i2c@3180000
03190000-031900ff : /i2c@3190000
031b0000-031b00ff : /i2c@31b0000
031c0000-031c00ff : /i2c@31c0000
031e0000-031e00ff : /i2c@31e0000
03280000-0328ffff : /pwm@3280000
032c0000-032cffff : /pwm@32c0000
032f0000-032fffff : /pwm@32f0000
03400000-0341ffff : /sdhci@3400000
03460000-0347ffff : /sdhci@3460000
03510000-0351ffff : /hda@3510000
03520000-03520fff : padctl
03540000-03540fff : ao
03550000-03557fff : /xudc@3550000
03558000-03558fff : /xudc@3550000
03600000-0360ffff : /xhci@3610000
03610000-0364ffff : /xhci@3610000
03820000-038205ff : /efuse@3820000
03830000-0383ffff : /kfuse@3830000
03990000-0399ffff : 3990000.mipical
039c0000-039c000f : /tachometer@39c0000
03ad0000-03adffff : /se_elp@3ad0000
03ae0000-03aeffff : /se_elp@3ad0000
03c00000-03c00fff : Tegra Combined UART TOP0_HSP Linux mailbox interrrupt
03c10000-03c10003 : Tegra Combined UART TOP0_HSP Linux mailbox
03e10000-03e1ffff : base
03e20000-03e2ffff : base
03e30000-03e3ffff : base
03e40000-03e4ffff : base
03e50000-03e5ffff : base
03e60000-03e6ffff : base
03e70000-03e7ffff : base
03e80000-03e8ffff : base
03e90000-03e9ffff : base
03ea0000-03eaffff : base
03eb0000-03ebffff : base
03ec0000-03ecffff : base
03ed0000-03edffff : base
03ee0000-03eeffff : base
03ef0000-03efffff : base
03f00000-03f0ffff : base
03f10000-03f1ffff : base
03f20000-03f2ffff : base
03f30000-03f3ffff : base
03f40000-03f4ffff : base
0b600000-0b600fff : /sce-noc@B600000
0b9f0000-0ba2ffff : rce-pm
0be00000-0be00fff : /rce-noc@BE00000
0c168000-0c168003 : Tegra Combined UART SPE mailbox
0c240000-0c2400ff : /i2c@c240000
0c250000-0c2500ff : /i2c@c250000
0c260000-0c26ffff : /spi@c260000
0c2a0000-0c2affff : /rtc@c2a0000
0c2f0000-0c2f0fff : security
0c2f1000-0c2f1fff : gpio
0c300000-0c303fff : /pinmux@2430000
0c340000-0c34ffff : /pwm@c340000
0c360000-0c3603ff : /pmc@c360000
0c370000-0c3705ff : /pmc@c370000
0c390000-0c392ffe : /pmc@c360000
0c3a0000-0c3a0ffe : /pmc@c360000
0c600000-0c600fff : /aon-noc@C600000
0d230000-0d230fff : /actmon@d230000
0d600000-0d600fff : /bpmp-noc@D600000
10000000-10ffffff : /iommu@12000000
11000000-11ffffff : /iommu@12000000
12000000-12ffffff : /iommu@12000000
13e00000-13e0ffff : hypervisor
13e10000-13e1ffff : guest
13ec0000-13efffff : actmon
14040000-14040fff : /cv-noc@14040000
14100000-1411ffff : appl
14140000-1415ffff : appl
14180000-1419ffff : appl
141a0000-141bffff : appl
14800000-1480ffff : /host1x/isp@14800000
14b00000-14bfffff : /host1x/isp-thi@14b00000
15100000-1513ffff : /host1x/tsecb@15100000
15140000-1517ffff : /host1x/nvdec1@15140000
15340000-1537ffff : /host1x/vic@15340000
15380000-153bffff : /host1x/nvjpg@15380000
15480000-154bffff : /host1x/nvdec@15480000
154c0000-154fffff : /host1x/nvenc@154c0000
15500000-1553ffff : /host1x/tsec@15500000
155f0000-155fffff : /host1x/dpaux@155F0000
15810000-1581ffff : /host1x/se@15810000
15820000-1582ffff : /host1x/se@15820000
15830000-1583ffff : /host1x/se@15830000
15840000-1584ffff : /host1x/se@15840000
15880000-158bffff : /host1x/nvdla0@15880000
158c0000-158fffff : /host1x/nvdla1@158c0000
15a00000-15a4ffff : /host1x/nvcsi@15a00000
15a80000-15abffff : /host1x/nvenc1@15a80000
15ac0000-15afffff : /host1x/slvs-ec@15ac0000
15c00000-15c0ffff : /host1x/slvs-ec@15ac0000
15c10000-15e3ffff : /host1x/vi@15c10000
15e40000-15e4ffff : /host1x/slvs-ec@15ac0000
15f00000-15ffffff : /host1x/vi@15c10000
16000000-167fffff : /host1x/pva0
16800000-16ffffff : /host1x/pva1
17000000-17ffffff : /gv11b
18000000-18ffffff : /gv11b
30000000-3003ffff : config
30040000-3007ffff : atu_dma
34000000-3403ffff : config
34040000-3407ffff : atu_dma
38000000-3803ffff : config
38040000-3807ffff : atu_dma
3a000000-3a03ffff : config
3a040000-3a07ffff : atu_dma
60000000-603fffff : sem-syncpt-shim
80000000-aaffffff : System RAM
  80080000-815dffff : Kernel code
  81e40000-821b6fff : Kernel data
ab200000-e87fffff : System RAM
e8800000-e880ffff : persistent_ram
e8810000-e881ffff : persistent_ram
e8820000-e882ffff : persistent_ram
e8830000-e883ffff : persistent_ram
e8840000-e884ffff : persistent_ram
e8850000-e885ffff : persistent_ram
e8860000-e886ffff : persistent_ram
e8870000-e887ffff : persistent_ram
e8880000-e888ffff : persistent_ram
e8890000-e889ffff : persistent_ram
e88a0000-e88affff : persistent_ram
e88b0000-e88bffff : persistent_ram
e88c0000-e88cffff : persistent_ram
e88d0000-e88dffff : persistent_ram
e88e0000-e88effff : persistent_ram
e88f0000-e88fffff : persistent_ram
e8900000-e890ffff : persistent_ram
e8910000-e891ffff : persistent_ram
e8920000-e892ffff : persistent_ram
e8930000-e893ffff : persistent_ram
e8940000-e894ffff : persistent_ram
e8950000-e895ffff : persistent_ram
e8960000-e896ffff : persistent_ram
e8970000-e897ffff : persistent_ram
e8980000-e89fffff : persistent_ram
100000000-47fffffff : System RAM
1200000000-122fffffff : MEM
1230000000-123fffffff : MEM
  1230000000-12300fffff : PCI Bus 0001:01
    1230000000-123000ffff : 0001:01:00.0
    1230010000-12300101ff : 0001:01:00.0
      1230010000-12300101ff : ahci
